[uxliner.com/maxhost/demo/index.html]
[backblue.gif]
[fade.gif]
[index.html]
[uxliner.com/maxhost/demo/images/favicon-16x16.png]
[uxliner.com/maxhost/demo/css/bootstrap.min.css]
[uxliner.com/maxhost/demo/css/style.css]
[uxliner.com/maxhost/demo/css/reset.css]
[uxliner.com/maxhost/demo/css/font-awesome/css/font-awesome.min.css]
[uxliner.com/maxhost/demo/css/Simple-Line-Icons-Webfont/simple-line-icons.css]
[uxliner.com/maxhost/demo/css/et-line-font/et-line-font.css]
[uxliner.com/maxhost/demo/css/responsive-leyouts.css]
[uxliner.com/maxhost/demo/js/mainmenu/menu.css]
[uxliner.com/maxhost/demo/js/masterslider/style/masterslider.css]
[uxliner.com/maxhost/demo/js/masterslider/skins/default/style.css]
[uxliner.com/maxhost/demo/js/masterslider/style/style.css]
[uxliner.com/maxhost/demo/js/animations/css/animations.min.css]
[uxliner.com/maxhost/demo/js/style-switcher/color-switcher.css]
[uxliner.com/maxhost/demo/css/colors/orange.css]
[uxliner.com/maxhost/demo/css/colors/blue.css]
[uxliner.com/maxhost/demo/css/colors/lightgreen.css]
[uxliner.com/maxhost/demo/css/colors/lightblue.css]
[uxliner.com/maxhost/demo/css/colors/sea.css]
[uxliner.com/maxhost/demo/css/colors/lightred.css]
[uxliner.com/maxhost/demo/css/colors/bluesea.css]
[uxliner.com/maxhost/demo/css/colors/red.css]
[uxliner.com/maxhost/demo/css/colors/lightorange.css]
[uxliner.com/maxhost/demo/css/bg-patterns/pattern-default.css]
[uxliner.com/maxhost/demo/css/bg-patterns/pattern-one.css]
[uxliner.com/maxhost/demo/css/bg-patterns/pattern-two.css]
[uxliner.com/maxhost/demo/css/bg-patterns/pattern-three.css]
[uxliner.com/maxhost/demo/css/bg-patterns/pattern-four.css]
[uxliner.com/maxhost/demo/css/bg-patterns/pattern-five.css]
[uxliner.com/maxhost/demo/css/bg-patterns/pattern-six.css]
[uxliner.com/maxhost/demo/css/bg-patterns/pattern-seven.css]
[uxliner.com/maxhost/demo/css/bg-patterns/pattern-eight.css]
[uxliner.com/maxhost/demo/css/bg-patterns/pattern-nine.css]
[uxliner.com/maxhost/demo/css/bg-patterns/pattern-ten.css]
[uxliner.com/maxhost/demo/css/bg-patterns/pattern-eleven.css]
[uxliner.com/maxhost/demo/css/bg-patterns/pattern-twelve.css]
[uxliner.com/maxhost/demo/css/bg-patterns/pattern-thirteen.css]
[uxliner.com/maxhost/demo/css/bg-patterns/pattern-fourteen.css]
[uxliner.com/maxhost/demo/index2.html]
[uxliner.com/maxhost/demo/index3.html]
[uxliner.com/maxhost/demo/index4.html]
[uxliner.com/maxhost/demo/index5.html]
[uxliner.com/maxhost/demo/index6.html]
[uxliner.com/maxhost/demo/index7.html]
[uxliner.com/maxhost/demo/index8.html]
[uxliner.com/maxhost/demo/index9.html]
[uxliner.com/maxhost/demo/index10.html]
[uxliner.com/maxhost/demo/domain-search.html]
[uxliner.com/maxhost/demo/hosting-services.html]
[uxliner.com/maxhost/demo/about.html]
[uxliner.com/maxhost/demo/about2.html]
[uxliner.com/maxhost/demo/about3.html]
[uxliner.com/maxhost/demo/services.html]
[uxliner.com/maxhost/demo/services2.html]
[uxliner.com/maxhost/demo/services3.html]
[uxliner.com/maxhost/demo/team.html]
[uxliner.com/maxhost/demo/team2.html]
[uxliner.com/maxhost/demo/faqs.html]
[uxliner.com/maxhost/demo/faqs2.html]
[uxliner.com/maxhost/demo/left-sidebar.html]
[uxliner.com/maxhost/demo/right-sidebar.html]
[uxliner.com/maxhost/demo/left-nav.html]
[uxliner.com/maxhost/demo/right-nav.html]
[uxliner.com/maxhost/demo/login.html]
[uxliner.com/maxhost/demo/register.html]
[uxliner.com/maxhost/demo/coming-soon.html]
[uxliner.com/maxhost/demo/coming-soon2.html]
[uxliner.com/maxhost/demo/404.html]
[uxliner.com/maxhost/demo/images/site-img6.jpg]
[uxliner.com/maxhost/demo/accordions.html]
[uxliner.com/maxhost/demo/image-hover.html]
[uxliner.com/maxhost/demo/buttons.html]
[uxliner.com/maxhost/demo/call-to-action.html]
[uxliner.com/maxhost/demo/carousel-sliders.html]
[uxliner.com/maxhost/demo/columns.html]
[uxliner.com/maxhost/demo/lists.html]
[uxliner.com/maxhost/demo/message-boxes.html]
[uxliner.com/maxhost/demo/animated-counters.html]
[uxliner.com/maxhost/demo/pricing-tables.html]
[uxliner.com/maxhost/demo/tabs.html]
[uxliner.com/maxhost/demo/typography.html]
[uxliner.com/maxhost/demo/content-boxes.html]
[uxliner.com/maxhost/demo/popover-tooltip.html]
[uxliner.com/maxhost/demo/social-icons.html]
[uxliner.com/maxhost/demo/flip-boxes.html]
[uxliner.com/maxhost/demo/progress-bars.html]
[uxliner.com/maxhost/demo/dividers.html]
[uxliner.com/maxhost/demo/portfolio-one.html]
[uxliner.com/maxhost/demo/portfolio-two.html]
[uxliner.com/maxhost/demo/portfolio-three.html]
[uxliner.com/maxhost/demo/portfolio-four.html]
[uxliner.com/maxhost/demo/portfolio-five.html]
[uxliner.com/maxhost/demo/portfolio-six.html]
[uxliner.com/maxhost/demo/portfolio-seven.html]
[uxliner.com/maxhost/demo/portfolio-eight.html]
[uxliner.com/maxhost/demo/portfolio-nine.html]
[uxliner.com/maxhost/demo/blog.html]
[uxliner.com/maxhost/demo/blog2.html]
[uxliner.com/maxhost/demo/blog3.html]
[uxliner.com/maxhost/demo/blog-post.html]
[uxliner.com/maxhost/demo/contact.html]
[uxliner.com/maxhost/demo/contact2.html]
[uxliner.com/maxhost/demo/contact3.html]
[uxliner.com/maxhost/demo/js/masterslider/style/blank.gif]
[uxliner.com/maxhost/demo/images/site-img81.jpg]
[uxliner.com/maxhost/demo/images/site-img82.png]
[uxliner.com/maxhost/demo/images/site-img83.png]
[uxliner.com/maxhost/demo/images/site-img84.jpg]
[uxliner.com/maxhost/demo/images/site-img85.jpg]
[uxliner.com/maxhost/demo/images/site-img86.jpg]
[uxliner.com/maxhost/demo/images/c-logo-1.jpg]
[uxliner.com/maxhost/demo/images/c-logo-2.jpg]
[uxliner.com/maxhost/demo/images/c-logo-3.jpg]
[uxliner.com/maxhost/demo/images/c-logo-4.jpg]
[uxliner.com/maxhost/demo/images/c-logo-5.jpg]
[uxliner.com/maxhost/demo/images/c-logo-6.jpg]
[uxliner.com/maxhost/demo/images/site-img8.jpg]
[uxliner.com/maxhost/demo/images/site-img9.jpg]
[uxliner.com/maxhost/demo/js/style-switcher/styleswitcher.js]
[uxliner.com/maxhost/demo/boxed/index.html]
[uxliner.com/maxhost/demo/js/jquery.min.js]
[uxliner.com/maxhost/demo/js/jquery.js]
[uxliner.com/maxhost/demo/js/bootstrap.min.js]
[uxliner.com/maxhost/demo/js/masterslider/jquery.easing.min.js]
[uxliner.com/maxhost/demo/js/masterslider/masterslider.min.js]
[uxliner.com/maxhost/demo/js/animations/animations.min.js]
[uxliner.com/maxhost/demo/js/animations/appear.min.js]
[uxliner.com/maxhost/demo/js/style-switcher/jquery-1.js]
[uxliner.com/maxhost/demo/js/style-switcher/styleselector.js]
[uxliner.com/maxhost/demo/js/mainmenu/sticky.js]
[uxliner.com/maxhost/demo/js/scrolltotop/totop.js]
[uxliner.com/maxhost/demo/js/aninum/jquery.animateNumber.min.js]
[www.google-analytics.com/analytics.js]
[uxliner.com/maxhost/demo/index.html]
[uxliner.com/maxhost/demo/fonts/glyphicons-halflings-regular.eot]
[uxliner.com/maxhost/demo/fonts/glyphicons-halflings-regulard41d.eot]
[uxliner.com/maxhost/demo/fonts/glyphicons-halflings-regular.woff2]
[uxliner.com/maxhost/demo/fonts/glyphicons-halflings-regular.woff]
[uxliner.com/maxhost/demo/fonts/glyphicons-halflings-regular.ttf]
[uxliner.com/maxhost/demo/fonts/glyphicons-halflings-regular.svg]
[uxliner.com/maxhost/demo/css/bootstrap.min.css]
[uxliner.com/maxhost/demo/images/logo.png]
[uxliner.com/maxhost/demo/images/logo-black.png]
[uxliner.com/maxhost/demo/images/logo-white.png]
[uxliner.com/maxhost/demo/images/bg-texture-3.jpg]
[uxliner.com/maxhost/demo/images/parallax-bg1.jpg]
[uxliner.com/maxhost/demo/images/shape.png]
[uxliner.com/maxhost/demo/images/site-img20.jpg]
[uxliner.com/maxhost/demo/images/clouds-white.png]
[uxliner.com/maxhost/demo/images/shape-white.png]
[uxliner.com/maxhost/demo/images/title-line.png]
[uxliner.com/maxhost/demo/images/parallax-bg8.jpg]
[uxliner.com/maxhost/demo/images/site-img41.jpg]
[uxliner.com/maxhost/demo/images/site-img42.jpg]
[uxliner.com/maxhost/demo/images/site-img43.jpg]
[uxliner.com/maxhost/demo/images/site-img44.jpg]
[uxliner.com/maxhost/demo/images/site-img45.jpg]
[uxliner.com/maxhost/demo/images/site-img46.jpg]
[uxliner.com/maxhost/demo/images/site-img47.jpg]
[uxliner.com/maxhost/demo/images/site-img89.jpg]
[uxliner.com/maxhost/demo/images/parallax-bg.jpg]
[uxliner.com/maxhost/demo/images/parallax-bg2.jpg]
[uxliner.com/maxhost/demo/images/parallax-bg3.jpg]
[uxliner.com/maxhost/demo/images/parallax-bg4.jpg]
[uxliner.com/maxhost/demo/images/parallax-bg5.jpg]
[uxliner.com/maxhost/demo/images/parallax-bg6.jpg]
[uxliner.com/maxhost/demo/images/parallax-bg7.jpg]
[uxliner.com/maxhost/demo/images/parallax-bg9.jpg]
[uxliner.com/maxhost/demo/images/parallax-bg10.jpg]
[uxliner.com/maxhost/demo/images/parallax-bg11.jpg]
[uxliner.com/maxhost/demo/images/parallax-bg12.jpg]
[uxliner.com/maxhost/demo/images/parallax-bg13.jpg]
[uxliner.com/maxhost/demo/images/parallax-bg14.jpg]
[uxliner.com/maxhost/demo/images/parallax-bg16.jpg]
[uxliner.com/maxhost/demo/images/bg-texture-1.png]
[uxliner.com/maxhost/demo/images/shape-white-top.png]
[uxliner.com/maxhost/demo/images/shape-cross-top.png]
[uxliner.com/maxhost/demo/images/shape-cross-bottom.png]
[uxliner.com/maxhost/demo/images/clouds-white-small.png]
[uxliner.com/maxhost/demo/images/site-img27.png]
[uxliner.com/maxhost/demo/images/site-img5.png]
[uxliner.com/maxhost/demo/images/site-img2.jpg]
[uxliner.com/maxhost/demo/images/site-img35.jpg]
[uxliner.com/maxhost/demo/images/site-img36.jpg]
[uxliner.com/maxhost/demo/images/clouds-black.jpg]
[uxliner.com/maxhost/demo/images/bg-texture-2.png]
[uxliner.com/maxhost/demo/images/map.png]
[uxliner.com/maxhost/demo/images/scroll-top-arrow.png]
[uxliner.com/maxhost/demo/css/style.css]
[uxliner.com/maxhost/demo/css/reset.css]
[uxliner.com/maxhost/demo/css/font-awesome/fonts/fontawesome-webfont78ce.eot]
[uxliner.com/maxhost/demo/css/font-awesome/fonts/fontawesome-webfontd41d.eot]
[uxliner.com/maxhost/demo/css/font-awesome/fonts/fontawesome-webfont78ce.woff]
[uxliner.com/maxhost/demo/css/font-awesome/fonts/fontawesome-webfont78ce.ttf]
[uxliner.com/maxhost/demo/css/font-awesome/css/font-awesome.min.css]
[uxliner.com/maxhost/demo/css/font-awesome/fonts/fontawesome-webfont78ce.svg]
[uxliner.com/maxhost/demo/css/fonts/Simple-Line-Icons.eot]
[uxliner.com/maxhost/demo/css/fonts/Simple-Line-Iconsd41d.eot]
[uxliner.com/maxhost/demo/css/fonts/Simple-Line-Icons.woff]
[uxliner.com/maxhost/demo/css/fonts/Simple-Line-Icons.ttf]
[uxliner.com/maxhost/demo/css/Simple-Line-Icons-Webfont/simple-line-icons.css]
[uxliner.com/maxhost/demo/css/fonts/Simple-Line-Icons.svg]
[uxliner.com/maxhost/demo/css/et-line-font/fonts/et-line.eot]
[uxliner.com/maxhost/demo/css/et-line-font/fonts/et-lined41d.eot]
[uxliner.com/maxhost/demo/css/et-line-font/fonts/et-line.woff]
[uxliner.com/maxhost/demo/css/et-line-font/fonts/et-line.ttf]
[uxliner.com/maxhost/demo/css/et-line-font/et-line-font.css]
[uxliner.com/maxhost/demo/css/responsive-leyouts.css]
[uxliner.com/maxhost/demo/js/mainmenu/menu.css]
[uxliner.com/maxhost/demo/css/et-line-font/fonts/et-line.svg]
[uxliner.com/maxhost/demo/js/masterslider/style/loading-2.gif]
[uxliner.com/maxhost/demo/js/masterslider/style/grab.png]
[uxliner.com/maxhost/demo/js/masterslider/style/grabbing.png]
[uxliner.com/maxhost/demo/js/masterslider/style/video-close-btn.png]
[uxliner.com/maxhost/demo/js/masterslider/style/masterslider.css]
[uxliner.com/maxhost/demo/js/masterslider/skins/default/light-skin-1.png]
[uxliner.com/maxhost/demo/js/masterslider/skins/default/light-skin-1-retina.png]
[uxliner.com/maxhost/demo/js/masterslider/skins/default/style.css]
[www.masterslider.com/wp-content/uploads/home-title-arrow.d1.delayed]
[uxliner.com/maxhost/demo/js/masterslider/style/style.css]
[uxliner.com/maxhost/demo/js/animations/css/animations.min.css]
[uxliner.com/maxhost/demo/images/elements/bg.png]
[uxliner.com/maxhost/demo/images/elements/bg2.png]
[uxliner.com/maxhost/demo/images/elements/bg3.png]
[uxliner.com/maxhost/demo/images/elements/bg4.png]
[uxliner.com/maxhost/demo/images/elements/bg5.png]
[uxliner.com/maxhost/demo/images/elements/bg6.png]
[uxliner.com/maxhost/demo/images/elements/bg7.png]
[uxliner.com/maxhost/demo/images/elements/bg8.jpg]
[uxliner.com/maxhost/demo/images/elements/bg9_thumb.jpg]
[uxliner.com/maxhost/demo/images/elements/bg10_thumb.jpg]
[uxliner.com/maxhost/demo/images/elements/bg11_thumb.jpg]
[uxliner.com/maxhost/demo/images/elements/bg12_thumb.jpg]
[uxliner.com/maxhost/demo/images/elements/bg9.png]
[uxliner.com/maxhost/demo/images/elements/bg10.png]
[uxliner.com/maxhost/demo/images/elements/bg11.png]
[uxliner.com/maxhost/demo/js/style-switcher/color-switcher.css]
[uxliner.com/maxhost/demo/images/logo-orange.png]
[uxliner.com/maxhost/demo/css/colors/orange.css]
[uxliner.com/maxhost/demo/images/logo-blue.png]
[uxliner.com/maxhost/demo/css/colors/blue.css]
[uxliner.com/maxhost/demo/images/logo-l-green.png]
[uxliner.com/maxhost/demo/css/colors/lightgreen.css]
[uxliner.com/maxhost/demo/images/logo-l-blue.png]
[uxliner.com/maxhost/demo/css/colors/lightblue.css]
[uxliner.com/maxhost/demo/images/logo-sea.png]
[uxliner.com/maxhost/demo/css/colors/sea.css]
[uxliner.com/maxhost/demo/images/logo-l-red.png]
[uxliner.com/maxhost/demo/css/colors/lightred.css]
[uxliner.com/maxhost/demo/images/logo-b-sea.png]
[uxliner.com/maxhost/demo/css/colors/bluesea.css]
[uxliner.com/maxhost/demo/images/logo-red.png]
[uxliner.com/maxhost/demo/css/colors/red.css]
[uxliner.com/maxhost/demo/images/logo-l-orange.png]
[uxliner.com/maxhost/demo/css/colors/lightorange.css]
[uxliner.com/maxhost/demo/css/bg-patterns/pattern-default.css]
[uxliner.com/maxhost/demo/css/bg-patterns/pattern-one.css]
[uxliner.com/maxhost/demo/css/bg-patterns/pattern-two.css]
[uxliner.com/maxhost/demo/css/bg-patterns/pattern-three.css]
[uxliner.com/maxhost/demo/css/bg-patterns/pattern-four.css]
[uxliner.com/maxhost/demo/css/bg-patterns/pattern-five.css]
[uxliner.com/maxhost/demo/css/bg-patterns/pattern-six.css]
[uxliner.com/maxhost/demo/css/bg-patterns/pattern-seven.css]
[uxliner.com/maxhost/demo/images/elements/bg9.jpg]
[uxliner.com/maxhost/demo/css/bg-patterns/pattern-eight.css]
[uxliner.com/maxhost/demo/images/elements/bg10.jpg]
[uxliner.com/maxhost/demo/css/bg-patterns/pattern-nine.css]
[uxliner.com/maxhost/demo/images/elements/bg11.jpg]
[uxliner.com/maxhost/demo/css/bg-patterns/pattern-ten.css]
[uxliner.com/maxhost/demo/images/elements/bg12.jpg]
[uxliner.com/maxhost/demo/css/bg-patterns/pattern-eleven.css]
[uxliner.com/maxhost/demo/css/bg-patterns/pattern-twelve.css]
[uxliner.com/maxhost/demo/css/bg-patterns/pattern-thirteen.css]
[uxliner.com/maxhost/demo/css/bg-patterns/pattern-fourteen.css]
[uxliner.com/maxhost/demo/css/colors/green.css]
[uxliner.com/maxhost/demo/images/site-img88.png]
[uxliner.com/maxhost/demo/images/site-img87.png]
[uxliner.com/maxhost/demo/images/site-img90.jpg]
[uxliner.com/maxhost/demo/images/site-img91.jpg]
[uxliner.com/maxhost/demo/images/site-img92.jpg]
[uxliner.com/maxhost/demo/index2.html]
[uxliner.com/maxhost/demo/images/flag.jpg]
[uxliner.com/maxhost/demo/images/flag1.jpg]
[uxliner.com/maxhost/demo/images/flag2.jpg]
[uxliner.com/maxhost/demo/images/flag3.jpg]
[uxliner.com/maxhost/demo/images/badge.png]
[uxliner.com/maxhost/demo/images/site-img93.png]
[uxliner.com/maxhost/demo/images/site-img94.png]
[uxliner.com/maxhost/demo/images/site-img1.jpg]
[uxliner.com/maxhost/demo/images/site-img7.png]
[uxliner.com/maxhost/demo/images/site-img3.jpg]
[uxliner.com/maxhost/demo/images/site-img4.jpg]
[uxliner.com/maxhost/demo/js/mainmenu/customeUI.js]
[uxliner.com/maxhost/demo/js/mainmenu/jquery.sticky.js]
[uxliner.com/maxhost/demo/index3.html]
[uxliner.com/maxhost/demo/js/masterslider/style/ms-laptop-style.css]
[uxliner.com/maxhost/demo/images/site-img10.jpg]
[uxliner.com/maxhost/demo/images/site-img11.png]
[uxliner.com/maxhost/demo/images/site-img17.jpg]
[uxliner.com/maxhost/demo/images/site-img18.jpg]
[uxliner.com/maxhost/demo/images/site-img19.jpg]
[uxliner.com/maxhost/demo/images/site-img21.png]
[uxliner.com/maxhost/demo/images/site-img22.jpg]
[uxliner.com/maxhost/demo/index4.html]
[uxliner.com/maxhost/demo/images/site-img23.png]
[uxliner.com/maxhost/demo/images/site-img24.png]
[uxliner.com/maxhost/demo/images/site-img25.png]
[uxliner.com/maxhost/demo/index5.html]
[uxliner.com/maxhost/demo/images/site-img28.jpg]
[uxliner.com/maxhost/demo/images/site-img95.jpg]
[uxliner.com/maxhost/demo/images/site-img96.jpg]
[uxliner.com/maxhost/demo/images/site-img97.jpg]
[uxliner.com/maxhost/demo/images/site-img29.jpg]
[uxliner.com/maxhost/demo/index6.html]
[uxliner.com/maxhost/demo/images/site-img34.png]
[uxliner.com/maxhost/demo/images/site-img26.png]
[uxliner.com/maxhost/demo/index7.html]
[uxliner.com/maxhost/demo/images/site-img30.jpg]
[uxliner.com/maxhost/demo/images/site-img31.jpg]
[uxliner.com/maxhost/demo/images/site-img32.jpg]
[uxliner.com/maxhost/demo/index8.html]
[uxliner.com/maxhost/demo/index9.html]
[uxliner.com/maxhost/demo/index10.html]
[uxliner.com/maxhost/demo/images/site-img37.jpg]
[uxliner.com/maxhost/demo/images/site-img38.jpg]
[uxliner.com/maxhost/demo/images/site-img39.jpg]
[uxliner.com/maxhost/demo/images/site-img40.jpg]
[uxliner.com/maxhost/demo/domain-search.html]
[uxliner.com/maxhost/demo/hosting-services.html]
[uxliner.com/maxhost/demo/images/site-img48.jpg]
[uxliner.com/maxhost/demo/images/site-img52.jpg]
[uxliner.com/maxhost/demo/images/site-img50.jpg]
[uxliner.com/maxhost/demo/images/site-img51.jpg]
[uxliner.com/maxhost/demo/images/site-img49.jpg]
[uxliner.com/maxhost/demo/about.html]
[uxliner.com/maxhost/demo/images/site-img53.jpg]
[uxliner.com/maxhost/demo/images/site-img54.jpg]
[uxliner.com/maxhost/demo/about2.html]
[uxliner.com/maxhost/demo/about3.html]
[uxliner.com/maxhost/demo/services.html]
[uxliner.com/maxhost/demo/services2.html]
[uxliner.com/maxhost/demo/services3.html]
[uxliner.com/maxhost/demo/images/site-img55.jpg]
[uxliner.com/maxhost/demo/images/site-img56.jpg]
[uxliner.com/maxhost/demo/team.html]
[uxliner.com/maxhost/demo/team2.html]
[uxliner.com/maxhost/demo/js/cubeportfolio/css/cubeportfolio.min.css]
[uxliner.com/maxhost/demo/js/cubeportfolio/jquery.cubeportfolio.min.js]
[uxliner.com/maxhost/demo/faqs.html]
[uxliner.com/maxhost/demo/faqs2.html]
[uxliner.com/maxhost/demo/js/cubeportfolio/main6.js]
[uxliner.com/maxhost/demo/images/site-img58.jpg]
[uxliner.com/maxhost/demo/images/site-img57.jpg]
[uxliner.com/maxhost/demo/images/site-img59.jpg]
[uxliner.com/maxhost/demo/left-sidebar.html]
[uxliner.com/maxhost/demo/right-sidebar.html]
[uxliner.com/maxhost/demo/left-nav.html]
[uxliner.com/maxhost/demo/right-nav.html]
[uxliner.com/maxhost/demo/login.html]
[uxliner.com/maxhost/demo/register.html]
[uxliner.com/maxhost/demo/js/form/css/sky-forms.css]
[uxliner.com/maxhost/demo/js/countdown/vegas/jquery.vegas.min.css]
[uxliner.com/maxhost/demo/js/countdown/css/style.css]
[uxliner.com/maxhost/demo/images/logo-circle.png]
[uxliner.com/maxhost/demo/js/countdown/jquery.countdown.js]
[uxliner.com/maxhost/demo/js/countdown/countdown.js]
[uxliner.com/maxhost/demo/js/countdown/vegas/jquery.vegas.min.js]
[uxliner.com/maxhost/demo/coming-soon.html]
[uxliner.com/maxhost/demo/js/countdown/custom.js]
[uxliner.com/maxhost/demo/js/countdown/simplyCountdown.theme.losange.css]
[uxliner.com/maxhost/demo/coming-soon2.html]
[uxliner.com/maxhost/demo/404.html]
[uxliner.com/maxhost/demo/accordions.html]
[uxliner.com/maxhost/demo/js/countdown/simplyCountdown.js]
[uxliner.com/maxhost/demo/images/site-img60.jpg]
[uxliner.com/maxhost/demo/images/site-img61.jpg]
[uxliner.com/maxhost/demo/images/site-img62.jpg]
[uxliner.com/maxhost/demo/images/site-img63.jpg]
[uxliner.com/maxhost/demo/images/site-img64.jpg]
[uxliner.com/maxhost/demo/images/site-img65.jpg]
[uxliner.com/maxhost/demo/image-hover.html]
[uxliner.com/maxhost/demo/buttons.html]
[uxliner.com/maxhost/demo/call-to-action.html]
[uxliner.com/maxhost/demo/js/owl-carousel/owl.carousel.css]
[uxliner.com/maxhost/demo/js/owl-carousel/owl.theme.css]
[uxliner.com/maxhost/demo/js/owl-carousel/owl.transitions.css]
[uxliner.com/maxhost/demo/images/site-img66.jpg]
[uxliner.com/maxhost/demo/images/site-img67.jpg]
[uxliner.com/maxhost/demo/images/site-img68.jpg]
[uxliner.com/maxhost/demo/images/site-img69.jpg]
[uxliner.com/maxhost/demo/images/site-img70.jpg]
[uxliner.com/maxhost/demo/js/owl-carousel/owl.carousel.js]
[uxliner.com/maxhost/demo/carousel-sliders.html]
[uxliner.com/maxhost/demo/columns.html]
[uxliner.com/maxhost/demo/lists.html]
[uxliner.com/maxhost/demo/message-boxes.html]
[uxliner.com/maxhost/demo/animated-counters.html]
[uxliner.com/maxhost/demo/pricing-tables.html]
[uxliner.com/maxhost/demo/tabs.html]
[uxliner.com/maxhost/demo/typography.html]
[uxliner.com/maxhost/demo/content-boxes.html]
[uxliner.com/maxhost/demo/popover-tooltip.html]
[uxliner.com/maxhost/demo/social-icons.html]
[uxliner.com/maxhost/demo/js/owl-carousel/custom.js]
[uxliner.com/maxhost/demo/images/site-img71.jpg]
[uxliner.com/maxhost/demo/images/site-img72.jpg]
[uxliner.com/maxhost/demo/images/site-img73.jpg]
[uxliner.com/maxhost/demo/images/site-img74.jpg]
[uxliner.com/maxhost/demo/flip-boxes.html]
[uxliner.com/maxhost/demo/progress-bars.html]
[uxliner.com/maxhost/demo/dividers.html]
[uxliner.com/maxhost/demo/portfolio-one.html]
[uxliner.com/maxhost/demo/js/cubeportfolio/jquery-latest.min.js]
[uxliner.com/maxhost/demo/js/cubeportfolio/ajax-awesome-work/project1.html]
[uxliner.com/maxhost/demo/images/media/thumb/thumb3.jpg]
[uxliner.com/maxhost/demo/images/media/thumb/thumb26.jpg]
[uxliner.com/maxhost/demo/images/media/thumb/thumb27.jpg]
[uxliner.com/maxhost/demo/images/media/thumb/thumb28.jpg]
[uxliner.com/maxhost/demo/ajax-awesome-work/project5.html]
[uxliner.com/maxhost/demo/images/media/thumb/thumb29.jpg]
[uxliner.com/maxhost/demo/ajax-awesome-work/project6.html]
[uxliner.com/maxhost/demo/images/media/thumb/thumb30.jpg]
[uxliner.com/maxhost/demo/portfolio-two.html]
[uxliner.com/maxhost/demo/js/cubeportfolio/main7.js]
[uxliner.com/maxhost/demo/js/cubeportfolio/ajax-lightbox-gallery/project1.html]
[uxliner.com/maxhost/demo/images/media/thumb/thumb20.jpg]
[uxliner.com/maxhost/demo/images/media/thumb/thumb21.jpg]
[uxliner.com/maxhost/demo/images/media/thumb/thumb22.jpg]
[uxliner.com/maxhost/demo/images/media/thumb/thumb23.jpg]
[uxliner.com/maxhost/demo/images/media/thumb/thumb24.jpg]
[uxliner.com/maxhost/demo/images/media/thumb/thumb25.jpg]
[uxliner.com/maxhost/demo/portfolio-three.html]
[uxliner.com/maxhost/demo/js/cubeportfolio/main3.js]
[uxliner.com/maxhost/demo/images/media/thumb/thumb1.jpg]
[uxliner.com/maxhost/demo/images/media/thumb/thumb5.jpg]
[uxliner.com/maxhost/demo/images/media/thumb/thumb4.jpg]
[uxliner.com/maxhost/demo/images/media/thumb/thumb6.jpg]
[uxliner.com/maxhost/demo/images/media/thumb/thumb7.jpg]
[uxliner.com/maxhost/demo/images/media/thumb/thumb8.jpg]
[uxliner.com/maxhost/demo/images/media/thumb/thumb2.jpg]
[uxliner.com/maxhost/demo/portfolio-four.html]
[uxliner.com/maxhost/demo/portfolio-five.html]
[uxliner.com/maxhost/demo/js/cubeportfolio/main5.js]
[uxliner.com/maxhost/demo/portfolio-six.html]
[uxliner.com/maxhost/demo/js/cubeportfolio/main4.js]
[uxliner.com/maxhost/demo/images/media/thumb/thumb9.jpg]
[uxliner.com/maxhost/demo/images/media/thumb/thumb10.jpg]
[uxliner.com/maxhost/demo/images/media/thumb/thumb11.jpg]
[uxliner.com/maxhost/demo/portfolio-seven.html]
[uxliner.com/maxhost/demo/js/cubeportfolio/main8.js]
[uxliner.com/maxhost/demo/js/cubeportfolio/ajax-masonry-projects/project1.html]
[uxliner.com/maxhost/demo/images/media/portfolio-12.jpg]
[uxliner.com/maxhost/demo/images/media/portfolio-1.jpg]
[uxliner.com/maxhost/demo/images/media/portfolio-2.jpg]
[uxliner.com/maxhost/demo/images/media/portfolio-13.jpg]
[uxliner.com/maxhost/demo/images/media/portfolio-14.jpg]
[uxliner.com/maxhost/demo/images/media/portfolio-6.jpg]
[uxliner.com/maxhost/demo/images/media/portfolio-4.jpg]
[uxliner.com/maxhost/demo/images/media/portfolio-5.jpg]
[uxliner.com/maxhost/demo/images/media/portfolio-7.jpg]
[uxliner.com/maxhost/demo/images/media/portfolio-8.jpg]
[uxliner.com/maxhost/demo/portfolio-eight.html]
[uxliner.com/maxhost/demo/js/cubeportfolio/main1.js]
[uxliner.com/maxhost/demo/images/media/thumb/thumb12.jpg]
[uxliner.com/maxhost/demo/images/media/thumb/thumb13.jpg]
[uxliner.com/maxhost/demo/images/media/thumb/thumb14.jpg]
[uxliner.com/maxhost/demo/images/media/thumb/thumb15.jpg]
[uxliner.com/maxhost/demo/images/media/thumb/thumb16.jpg]
[uxliner.com/maxhost/demo/images/media/thumb/thumb17.jpg]
[uxliner.com/maxhost/demo/images/media/thumb/thumb18.jpg]
[uxliner.com/maxhost/demo/images/media/thumb/thumb19.jpg]
[uxliner.com/maxhost/demo/portfolio-nine.html]
[uxliner.com/maxhost/demo/js/cubeportfolio/main2.js]
[uxliner.com/maxhost/demo/images/site-img75.jpg]
[uxliner.com/maxhost/demo/images/site-img76.jpg]
[uxliner.com/maxhost/demo/blog.html]
[uxliner.com/maxhost/demo/images/site-img77.jpg]
[uxliner.com/maxhost/demo/blog2.html]
[uxliner.com/maxhost/demo/blog3.html]
[uxliner.com/maxhost/demo/images/site-img78.jpg]
[uxliner.com/maxhost/demo/images/site-img79.jpg]
[uxliner.com/maxhost/demo/images/site-img80.jpg]
[uxliner.com/maxhost/demo/blog-post.html]
[uxliner.com/maxhost/demo/captcha/image42e8.html]
[uxliner.com/maxhost/demo/js/form/jquery.min.js]
[uxliner.com/maxhost/demo/js/form/jquery.form.min.js]
[uxliner.com/maxhost/demo/contact.html]
[uxliner.com/maxhost/demo/js/form/jquery.validate.min.js]
[uxliner.com/maxhost/demo/contact2.html]
[uxliner.com/maxhost/demo/contact3.html]
[uxliner.com/maxhost/demo/captcha/image01e5.html]
[uxliner.com/maxhost/demo/boxed/images/favicon-16x16.png]
[uxliner.com/maxhost/demo/boxed/css/bootstrap.min.css]
[uxliner.com/maxhost/demo/boxed/css/style.css]
[uxliner.com/maxhost/demo/boxed/css/reset.css]
[uxliner.com/maxhost/demo/boxed/css/font-awesome/css/font-awesome.min.css]
[uxliner.com/maxhost/demo/boxed/css/Simple-Line-Icons-Webfont/simple-line-icons.css]
[uxliner.com/maxhost/demo/boxed/css/et-line-font/et-line-font.css]
[uxliner.com/maxhost/demo/boxed/css/responsive-leyouts.css]
[uxliner.com/maxhost/demo/boxed/js/mainmenu/menu.css]
[uxliner.com/maxhost/demo/boxed/js/masterslider/style/masterslider.css]
[uxliner.com/maxhost/demo/boxed/js/masterslider/skins/default/style.css]
[uxliner.com/maxhost/demo/boxed/js/masterslider/style/style.css]
[uxliner.com/maxhost/demo/boxed/js/animations/css/animations.min.css]
[uxliner.com/maxhost/demo/boxed/js/style-switcher/color-switcher.css]
[uxliner.com/maxhost/demo/boxed/css/colors/orange.css]
[uxliner.com/maxhost/demo/boxed/css/colors/blue.css]
[uxliner.com/maxhost/demo/boxed/css/colors/lightgreen.css]
[uxliner.com/maxhost/demo/boxed/css/colors/lightblue.css]
[uxliner.com/maxhost/demo/boxed/css/colors/sea.css]
[uxliner.com/maxhost/demo/boxed/css/colors/lightred.css]
[uxliner.com/maxhost/demo/boxed/css/colors/bluesea.css]
[uxliner.com/maxhost/demo/boxed/css/colors/red.css]
[uxliner.com/maxhost/demo/boxed/css/colors/lightorange.css]
[uxliner.com/maxhost/demo/boxed/css/bg-patterns/pattern-default.css]
[uxliner.com/maxhost/demo/boxed/css/bg-patterns/pattern-one.css]
[uxliner.com/maxhost/demo/boxed/css/bg-patterns/pattern-two.css]
[uxliner.com/maxhost/demo/boxed/css/bg-patterns/pattern-three.css]
[uxliner.com/maxhost/demo/boxed/css/bg-patterns/pattern-four.css]
[uxliner.com/maxhost/demo/boxed/css/bg-patterns/pattern-five.css]
[uxliner.com/maxhost/demo/boxed/css/bg-patterns/pattern-six.css]
[uxliner.com/maxhost/demo/boxed/css/bg-patterns/pattern-seven.css]
[uxliner.com/maxhost/demo/boxed/css/bg-patterns/pattern-eight.css]
[uxliner.com/maxhost/demo/boxed/css/bg-patterns/pattern-nine.css]
[uxliner.com/maxhost/demo/boxed/css/bg-patterns/pattern-ten.css]
[uxliner.com/maxhost/demo/boxed/css/bg-patterns/pattern-eleven.css]
[uxliner.com/maxhost/demo/boxed/css/bg-patterns/pattern-twelve.css]
[uxliner.com/maxhost/demo/boxed/css/bg-patterns/pattern-thirteen.css]
[uxliner.com/maxhost/demo/boxed/css/bg-patterns/pattern-fourteen.css]
[uxliner.com/maxhost/demo/boxed/index2.html]
[uxliner.com/maxhost/demo/boxed/index3.html]
[uxliner.com/maxhost/demo/boxed/index4.html]
[uxliner.com/maxhost/demo/boxed/index5.html]
[uxliner.com/maxhost/demo/boxed/index6.html]
[uxliner.com/maxhost/demo/boxed/index7.html]
[uxliner.com/maxhost/demo/boxed/index8.html]
[uxliner.com/maxhost/demo/boxed/index9.html]
[uxliner.com/maxhost/demo/boxed/index10.html]
[uxliner.com/maxhost/demo/boxed/domain-search.html]
[uxliner.com/maxhost/demo/boxed/hosting-services.html]
[uxliner.com/maxhost/demo/boxed/about.html]
[uxliner.com/maxhost/demo/boxed/about2.html]
[uxliner.com/maxhost/demo/boxed/about3.html]
[uxliner.com/maxhost/demo/boxed/services.html]
[uxliner.com/maxhost/demo/boxed/services2.html]
[uxliner.com/maxhost/demo/boxed/services3.html]
[uxliner.com/maxhost/demo/boxed/team.html]
[uxliner.com/maxhost/demo/boxed/team2.html]
[uxliner.com/maxhost/demo/boxed/faqs.html]
[uxliner.com/maxhost/demo/boxed/faqs2.html]
[uxliner.com/maxhost/demo/boxed/left-sidebar.html]
[uxliner.com/maxhost/demo/boxed/right-sidebar.html]
[uxliner.com/maxhost/demo/boxed/left-nav.html]
[uxliner.com/maxhost/demo/boxed/right-nav.html]
[uxliner.com/maxhost/demo/boxed/login.html]
[uxliner.com/maxhost/demo/boxed/register.html]
[uxliner.com/maxhost/demo/boxed/coming-soon.html]
[uxliner.com/maxhost/demo/boxed/coming-soon2.html]
[uxliner.com/maxhost/demo/boxed/404.html]
[uxliner.com/maxhost/demo/boxed/images/site-img6.jpg]
[uxliner.com/maxhost/demo/boxed/accordions.html]
[uxliner.com/maxhost/demo/boxed/image-hover.html]
[uxliner.com/maxhost/demo/boxed/buttons.html]
[uxliner.com/maxhost/demo/boxed/call-to-action.html]
[uxliner.com/maxhost/demo/boxed/carousel-sliders.html]
[uxliner.com/maxhost/demo/boxed/columns.html]
[uxliner.com/maxhost/demo/boxed/lists.html]
[uxliner.com/maxhost/demo/boxed/message-boxes.html]
[uxliner.com/maxhost/demo/boxed/animated-counters.html]
[uxliner.com/maxhost/demo/boxed/pricing-tables.html]
[uxliner.com/maxhost/demo/boxed/tabs.html]
[uxliner.com/maxhost/demo/boxed/typography.html]
[uxliner.com/maxhost/demo/boxed/content-boxes.html]
[uxliner.com/maxhost/demo/boxed/popover-tooltip.html]
[uxliner.com/maxhost/demo/boxed/social-icons.html]
[uxliner.com/maxhost/demo/boxed/flip-boxes.html]
[uxliner.com/maxhost/demo/boxed/progress-bars.html]
[uxliner.com/maxhost/demo/boxed/dividers.html]
[uxliner.com/maxhost/demo/boxed/portfolio-one.html]
[uxliner.com/maxhost/demo/boxed/portfolio-two.html]
[uxliner.com/maxhost/demo/boxed/portfolio-three.html]
[uxliner.com/maxhost/demo/boxed/portfolio-four.html]
[uxliner.com/maxhost/demo/boxed/portfolio-five.html]
[uxliner.com/maxhost/demo/boxed/portfolio-six.html]
[uxliner.com/maxhost/demo/boxed/portfolio-seven.html]
[uxliner.com/maxhost/demo/boxed/portfolio-eight.html]
[uxliner.com/maxhost/demo/boxed/portfolio-nine.html]
[uxliner.com/maxhost/demo/boxed/blog.html]
[uxliner.com/maxhost/demo/boxed/blog2.html]
[uxliner.com/maxhost/demo/boxed/blog3.html]
[uxliner.com/maxhost/demo/boxed/blog-post.html]
[uxliner.com/maxhost/demo/boxed/contact.html]
[uxliner.com/maxhost/demo/boxed/contact2.html]
[uxliner.com/maxhost/demo/boxed/contact3.html]
[uxliner.com/maxhost/demo/boxed/js/masterslider/style/blank.gif]
[uxliner.com/maxhost/demo/boxed/images/site-img81.jpg]
[uxliner.com/maxhost/demo/boxed/images/site-img82.png]
[uxliner.com/maxhost/demo/boxed/images/site-img83.png]
[uxliner.com/maxhost/demo/boxed/images/site-img84.jpg]
[uxliner.com/maxhost/demo/boxed/images/site-img85.jpg]
[uxliner.com/maxhost/demo/boxed/images/site-img86.jpg]
[uxliner.com/maxhost/demo/boxed/images/c-logo-1.jpg]
[uxliner.com/maxhost/demo/boxed/images/c-logo-2.jpg]
[uxliner.com/maxhost/demo/boxed/images/c-logo-3.jpg]
[uxliner.com/maxhost/demo/boxed/images/c-logo-4.jpg]
[uxliner.com/maxhost/demo/boxed/images/c-logo-5.jpg]
[uxliner.com/maxhost/demo/boxed/images/c-logo-6.jpg]
[uxliner.com/maxhost/demo/boxed/images/site-img8.jpg]
[uxliner.com/maxhost/demo/boxed/images/site-img9.jpg]
[uxliner.com/maxhost/demo/boxed/js/style-switcher/styleswitcher.js]
[uxliner.com/maxhost/demo/boxed/js/jquery.min.js]
[uxliner.com/maxhost/demo/boxed/js/jquery.js]
[uxliner.com/maxhost/demo/boxed/js/bootstrap.min.js]
[uxliner.com/maxhost/demo/boxed/js/masterslider/jquery.easing.min.js]
[uxliner.com/maxhost/demo/boxed/js/masterslider/masterslider.min.js]
[uxliner.com/maxhost/demo/boxed/js/animations/animations.min.js]
[uxliner.com/maxhost/demo/boxed/js/animations/appear.min.js]
[uxliner.com/maxhost/demo/boxed/js/style-switcher/jquery-1.js]
[uxliner.com/maxhost/demo/boxed/js/style-switcher/styleselector.js]
[uxliner.com/maxhost/demo/boxed/js/mainmenu/sticky.js]
[uxliner.com/maxhost/demo/boxed/js/scrolltotop/totop.js]
[uxliner.com/maxhost/demo/boxed/index.html]
[uxliner.com/maxhost/demo/fonts/glyphicons-halflings-regular.html]
[uxliner.com/maxhost/demo/fonts/glyphicons-halflings-regulard41d.html]
[uxliner.com/maxhost/demo/fonts/glyphicons-halflings-regular-2.html]
[uxliner.com/maxhost/demo/fonts/glyphicons-halflings-regular-3.html]
[uxliner.com/maxhost/demo/fonts/glyphicons-halflings-regular-4.html]
[uxliner.com/maxhost/demo/fonts/glyphicons-halflings-regular-5.html]
[uxliner.com/maxhost/demo/images/logo-black.html]
[uxliner.com/maxhost/demo/images/map.html]
[uxliner.com/maxhost/demo/css/font-awesome/fonts/fontawesome-webfont78ce.svg]
[uxliner.com/maxhost/demo/css/fonts/Simple-Line-Icons.svg]
[uxliner.com/maxhost/demo/css/et-line-font/fonts/et-line.svg]
[www.masterslider.com/wp-content/uploads/home-title-arrow.html]
[uxliner.com/maxhost/demo/css/colors/green.css]
[uxliner.com/maxhost/demo/js/mainmenu/customeUI.html]
[uxliner.com/maxhost/demo/js/mainmenu/jquery.sticky.html]
[uxliner.com/maxhost/demo/boxed/js/aninum/jquery.animateNumber.min.js]
[uxliner.com/maxhost/demo/js/masterslider/style/skin.png]
[uxliner.com/maxhost/demo/js/masterslider/style/ms-laptop-style.css]
[uxliner.com/maxhost/demo/js/cubeportfolio/images/cbp-loading.gif]
[uxliner.com/maxhost/demo/js/cubeportfolio/images/cbp-sprite.png]
[uxliner.com/maxhost/demo/js/cubeportfolio/images/cbp-loading-popup.gif]
[uxliner.com/maxhost/demo/js/cubeportfolio/css/cubeportfolio.min.css]
[uxliner.com/maxhost/demo/js/images/site-img94.png]
[uxliner.com/maxhost/demo/js/form/css/sky-forms.css]
[uxliner.com/maxhost/demo/js/countdown/vegas/images/loading.html]
[uxliner.com/maxhost/demo/js/countdown/vegas/overlays/01.png]
[uxliner.com/maxhost/demo/js/countdown/vegas/jquery.vegas.min.css]
[uxliner.com/maxhost/demo/js/countdown/css/images/loading.gif]
[uxliner.com/maxhost/demo/js/countdown/css/style.css]
[uxliner.com/maxhost/demo/images/logo-circle.html]
[uxliner.com/maxhost/demo/js/countdown/simplyCountdown.theme.losange.css]
[uxliner.com/maxhost/demo/js/owl-carousel/grabbing.png]
[uxliner.com/maxhost/demo/js/owl-carousel/owl.carousel.css]
[uxliner.com/maxhost/demo/js/owl-carousel/AjaxLoader.gif]
[uxliner.com/maxhost/demo/js/owl-carousel/owl.theme.css]
[uxliner.com/maxhost/demo/js/owl-carousel/owl.transitions.css]
[uxliner.com/maxhost/demo/js/cubeportfolio/ajax-awesome-work/images/media/portfolio-5.jpg]
[uxliner.com/maxhost/demo/js/cubeportfolio/ajax-awesome-work/images/media/portfolio-6.jpg]
[uxliner.com/maxhost/demo/js/cubeportfolio/ajax-awesome-work/images/media/portfolio-7.jpg]
[uxliner.com/maxhost/demo/js/cubeportfolio/ajax-awesome-work/images/media/thumb/thumb20.jpg]
[uxliner.com/maxhost/demo/js/cubeportfolio/ajax-awesome-work/images/media/thumb/thumb21.jpg]
[uxliner.com/maxhost/demo/js/cubeportfolio/ajax-awesome-work/images/media/thumb/thumb22.jpg]
[uxliner.com/maxhost/demo/js/cubeportfolio/ajax-awesome-work/project1.html]
[uxliner.com/maxhost/demo/ajax-awesome-work/project5.html]
[uxliner.com/maxhost/demo/ajax-awesome-work/project6.html]
[uxliner.com/maxhost/demo/js/cubeportfolio/ajax-lightbox-gallery/images/media/portfolio-1.jpg]
[uxliner.com/maxhost/demo/js/cubeportfolio/ajax-lightbox-gallery/images/media/thumb/thumb20.jpg]
[uxliner.com/maxhost/demo/js/cubeportfolio/ajax-lightbox-gallery/images/media/portfolio-2.jpg]
[uxliner.com/maxhost/demo/js/cubeportfolio/ajax-lightbox-gallery/images/media/thumb/thumb21.jpg]
[uxliner.com/maxhost/demo/js/cubeportfolio/ajax-lightbox-gallery/images/media/portfolio-5.jpg]
[uxliner.com/maxhost/demo/js/cubeportfolio/ajax-lightbox-gallery/images/media/thumb/thumb22.jpg]
[uxliner.com/maxhost/demo/js/cubeportfolio/ajax-lightbox-gallery/project1.html]
[uxliner.com/maxhost/demo/js/cubeportfolio/ajax-masonry-projects/images/media/portfolio-14.jpg]
[uxliner.com/maxhost/demo/js/cubeportfolio/ajax-masonry-projects/images/media/portfolio-13.jpg]
[uxliner.com/maxhost/demo/js/cubeportfolio/ajax-masonry-projects/images/media/portfolio-12.jpg]
[uxliner.com/maxhost/demo/js/cubeportfolio/ajax-masonry-projects/ajax-masonry-projects/project1.html]
[uxliner.com/maxhost/demo/js/cubeportfolio/ajax-masonry-projects/images/media/thumb/thumb22.jpg]
[uxliner.com/maxhost/demo/js/cubeportfolio/ajax-masonry-projects/images/media/thumb/thumb23.jpg]
[uxliner.com/maxhost/demo/js/cubeportfolio/ajax-masonry-projects/images/media/thumb/thumb21.jpg]
[uxliner.com/maxhost/demo/js/cubeportfolio/ajax-masonry-projects/project1.html]
[uxliner.com/maxhost/demo/captcha/image42e8.html]
[uxliner.com/maxhost/demo/captcha/image01e5.html]
[uxliner.com/maxhost/demo/boxed/fonts/glyphicons-halflings-regular.eot]
[uxliner.com/maxhost/demo/boxed/fonts/glyphicons-halflings-regulard41d.eot]
[uxliner.com/maxhost/demo/boxed/fonts/glyphicons-halflings-regular.woff2]
[uxliner.com/maxhost/demo/boxed/fonts/glyphicons-halflings-regular.woff]
[uxliner.com/maxhost/demo/boxed/fonts/glyphicons-halflings-regular.ttf]
[uxliner.com/maxhost/demo/boxed/fonts/glyphicons-halflings-regular.svg]
[uxliner.com/maxhost/demo/boxed/css/bootstrap.min.css]
[uxliner.com/maxhost/demo/boxed/images/logo.png]
[uxliner.com/maxhost/demo/boxed/images/logo-black.png]
[uxliner.com/maxhost/demo/boxed/images/logo-white.png]
[uxliner.com/maxhost/demo/boxed/images/bg-texture-3.jpg]
[uxliner.com/maxhost/demo/boxed/images/parallax-bg1.jpg]
[uxliner.com/maxhost/demo/boxed/images/shape.png]
[uxliner.com/maxhost/demo/boxed/images/site-img20.jpg]
[uxliner.com/maxhost/demo/boxed/images/clouds-white.png]
[uxliner.com/maxhost/demo/boxed/images/shape-white.png]
[uxliner.com/maxhost/demo/boxed/images/title-line.png]
[uxliner.com/maxhost/demo/boxed/images/parallax-bg8.jpg]
[uxliner.com/maxhost/demo/boxed/images/site-img41.jpg]
[uxliner.com/maxhost/demo/boxed/images/site-img42.jpg]
[uxliner.com/maxhost/demo/boxed/images/site-img43.jpg]
[uxliner.com/maxhost/demo/boxed/images/site-img44.jpg]
[uxliner.com/maxhost/demo/boxed/images/site-img45.jpg]
[uxliner.com/maxhost/demo/boxed/images/site-img46.jpg]
[uxliner.com/maxhost/demo/boxed/images/site-img47.jpg]
[uxliner.com/maxhost/demo/boxed/images/site-img89.jpg]
[uxliner.com/maxhost/demo/boxed/images/parallax-bg.jpg]
[uxliner.com/maxhost/demo/boxed/images/parallax-bg2.jpg]
[uxliner.com/maxhost/demo/boxed/images/parallax-bg3.jpg]
[uxliner.com/maxhost/demo/boxed/images/parallax-bg4.jpg]
[uxliner.com/maxhost/demo/boxed/images/parallax-bg5.jpg]
[uxliner.com/maxhost/demo/boxed/images/parallax-bg6.jpg]
[uxliner.com/maxhost/demo/boxed/images/parallax-bg7.jpg]
[uxliner.com/maxhost/demo/boxed/images/parallax-bg9.jpg]
[uxliner.com/maxhost/demo/boxed/images/parallax-bg10.jpg]
[uxliner.com/maxhost/demo/boxed/images/parallax-bg11.jpg]
[uxliner.com/maxhost/demo/boxed/images/parallax-bg12.jpg]
[uxliner.com/maxhost/demo/boxed/images/parallax-bg13.jpg]
[uxliner.com/maxhost/demo/boxed/images/parallax-bg14.jpg]
[uxliner.com/maxhost/demo/boxed/images/parallax-bg16.jpg]
[uxliner.com/maxhost/demo/boxed/images/bg-texture-1.png]
[uxliner.com/maxhost/demo/boxed/images/shape-white-top.png]
[uxliner.com/maxhost/demo/boxed/images/shape-cross-top.png]
[uxliner.com/maxhost/demo/boxed/images/shape-cross-bottom.png]
[uxliner.com/maxhost/demo/boxed/images/clouds-white-small.png]
[uxliner.com/maxhost/demo/boxed/images/site-img27.png]
[uxliner.com/maxhost/demo/boxed/images/site-img5.png]
[uxliner.com/maxhost/demo/boxed/images/site-img2.jpg]
[uxliner.com/maxhost/demo/boxed/images/site-img35.jpg]
[uxliner.com/maxhost/demo/boxed/images/site-img36.jpg]
[uxliner.com/maxhost/demo/boxed/images/clouds-black.jpg]
[uxliner.com/maxhost/demo/boxed/images/bg-texture-2.png]
[uxliner.com/maxhost/demo/boxed/images/map.png]
[uxliner.com/maxhost/demo/boxed/images/scroll-top-arrow.png]
[uxliner.com/maxhost/demo/boxed/css/style.css]
[uxliner.com/maxhost/demo/boxed/css/reset.css]
[uxliner.com/maxhost/demo/boxed/css/font-awesome/fonts/fontawesome-webfont78ce.eot]
[uxliner.com/maxhost/demo/boxed/css/font-awesome/fonts/fontawesome-webfontd41d.eot]
[uxliner.com/maxhost/demo/boxed/css/font-awesome/fonts/fontawesome-webfont78ce.woff]
[uxliner.com/maxhost/demo/boxed/css/font-awesome/fonts/fontawesome-webfont78ce.ttf]
[uxliner.com/maxhost/demo/boxed/css/font-awesome/css/font-awesome.min.css]
[uxliner.com/maxhost/demo/boxed/css/font-awesome/fonts/fontawesome-webfont78ce.svg]
[uxliner.com/maxhost/demo/boxed/css/fonts/Simple-Line-Icons.eot]
[uxliner.com/maxhost/demo/boxed/css/fonts/Simple-Line-Iconsd41d.eot]
[uxliner.com/maxhost/demo/boxed/css/fonts/Simple-Line-Icons.woff]
[uxliner.com/maxhost/demo/boxed/css/fonts/Simple-Line-Icons.ttf]
[uxliner.com/maxhost/demo/boxed/css/Simple-Line-Icons-Webfont/simple-line-icons.css]
[uxliner.com/maxhost/demo/boxed/css/fonts/Simple-Line-Icons.svg]
[uxliner.com/maxhost/demo/boxed/css/et-line-font/fonts/et-line.eot]
[uxliner.com/maxhost/demo/boxed/css/et-line-font/fonts/et-lined41d.eot]
[uxliner.com/maxhost/demo/boxed/css/et-line-font/fonts/et-line.woff]
[uxliner.com/maxhost/demo/boxed/css/et-line-font/fonts/et-line.ttf]
[uxliner.com/maxhost/demo/boxed/css/et-line-font/et-line-font.css]
[uxliner.com/maxhost/demo/boxed/css/responsive-leyouts.css]
[uxliner.com/maxhost/demo/boxed/js/mainmenu/menu.css]
[uxliner.com/maxhost/demo/boxed/css/et-line-font/fonts/et-line.svg]
[uxliner.com/maxhost/demo/boxed/js/masterslider/style/loading-2.gif]
[uxliner.com/maxhost/demo/boxed/js/masterslider/style/grab.png]
[uxliner.com/maxhost/demo/boxed/js/masterslider/style/grabbing.png]
[uxliner.com/maxhost/demo/boxed/js/masterslider/style/video-close-btn.png]
[uxliner.com/maxhost/demo/boxed/js/masterslider/style/masterslider.css]
[uxliner.com/maxhost/demo/boxed/js/masterslider/skins/default/light-skin-1.png]
[uxliner.com/maxhost/demo/boxed/js/masterslider/skins/default/light-skin-1-retina.png]
[uxliner.com/maxhost/demo/boxed/js/masterslider/skins/default/style.css]
[uxliner.com/maxhost/demo/boxed/js/masterslider/style/style.css]
[uxliner.com/maxhost/demo/boxed/js/animations/css/animations.min.css]
[uxliner.com/maxhost/demo/boxed/images/elements/bg.png]
[uxliner.com/maxhost/demo/boxed/images/elements/bg2.png]
[uxliner.com/maxhost/demo/boxed/images/elements/bg3.png]
[uxliner.com/maxhost/demo/boxed/images/elements/bg4.png]
[uxliner.com/maxhost/demo/boxed/images/elements/bg5.png]
[uxliner.com/maxhost/demo/boxed/images/elements/bg6.png]
[uxliner.com/maxhost/demo/boxed/images/elements/bg7.png]
[uxliner.com/maxhost/demo/boxed/images/elements/bg8.jpg]
[uxliner.com/maxhost/demo/boxed/images/elements/bg9_thumb.jpg]
[uxliner.com/maxhost/demo/boxed/images/elements/bg10_thumb.jpg]
[uxliner.com/maxhost/demo/boxed/images/elements/bg11_thumb.jpg]
[uxliner.com/maxhost/demo/boxed/images/elements/bg12_thumb.jpg]
[uxliner.com/maxhost/demo/boxed/images/elements/bg9.png]
[uxliner.com/maxhost/demo/boxed/images/elements/bg10.png]
[uxliner.com/maxhost/demo/boxed/images/elements/bg11.png]
[uxliner.com/maxhost/demo/boxed/js/style-switcher/color-switcher.css]
[uxliner.com/maxhost/demo/boxed/images/logo-orange.png]
[uxliner.com/maxhost/demo/boxed/css/colors/orange.css]
[uxliner.com/maxhost/demo/boxed/images/logo-blue.png]
[uxliner.com/maxhost/demo/boxed/css/colors/blue.css]
[uxliner.com/maxhost/demo/boxed/images/logo-l-green.png]
[uxliner.com/maxhost/demo/boxed/css/colors/lightgreen.css]
[uxliner.com/maxhost/demo/boxed/images/logo-l-blue.png]
[uxliner.com/maxhost/demo/boxed/css/colors/lightblue.css]
[uxliner.com/maxhost/demo/boxed/images/logo-sea.png]
[uxliner.com/maxhost/demo/boxed/css/colors/sea.css]
[uxliner.com/maxhost/demo/boxed/images/logo-l-red.png]
[uxliner.com/maxhost/demo/boxed/css/colors/lightred.css]
[uxliner.com/maxhost/demo/boxed/images/logo-b-sea.png]
[uxliner.com/maxhost/demo/boxed/css/colors/bluesea.css]
[uxliner.com/maxhost/demo/boxed/images/logo-red.png]
[uxliner.com/maxhost/demo/boxed/css/colors/red.css]
[uxliner.com/maxhost/demo/boxed/images/logo-l-orange.png]
[uxliner.com/maxhost/demo/boxed/css/colors/lightorange.css]
[uxliner.com/maxhost/demo/boxed/css/bg-patterns/pattern-default.css]
[uxliner.com/maxhost/demo/boxed/css/bg-patterns/pattern-one.css]
[uxliner.com/maxhost/demo/boxed/css/bg-patterns/pattern-two.css]
[uxliner.com/maxhost/demo/boxed/css/bg-patterns/pattern-three.css]
[uxliner.com/maxhost/demo/boxed/css/bg-patterns/pattern-four.css]
[uxliner.com/maxhost/demo/boxed/css/bg-patterns/pattern-five.css]
[uxliner.com/maxhost/demo/boxed/css/bg-patterns/pattern-six.css]
[uxliner.com/maxhost/demo/boxed/css/bg-patterns/pattern-seven.css]
[uxliner.com/maxhost/demo/boxed/images/elements/bg9.jpg]
[uxliner.com/maxhost/demo/boxed/css/bg-patterns/pattern-eight.css]
[uxliner.com/maxhost/demo/boxed/images/elements/bg10.jpg]
[uxliner.com/maxhost/demo/boxed/css/bg-patterns/pattern-nine.css]
[uxliner.com/maxhost/demo/boxed/images/elements/bg11.jpg]
[uxliner.com/maxhost/demo/boxed/css/bg-patterns/pattern-ten.css]
[uxliner.com/maxhost/demo/boxed/images/elements/bg12.jpg]
[uxliner.com/maxhost/demo/boxed/css/bg-patterns/pattern-eleven.css]
[uxliner.com/maxhost/demo/boxed/css/bg-patterns/pattern-twelve.css]
[uxliner.com/maxhost/demo/boxed/css/bg-patterns/pattern-thirteen.css]
[uxliner.com/maxhost/demo/boxed/css/bg-patterns/pattern-fourteen.css]
[uxliner.com/maxhost/demo/boxed/css/colors/green.css]
[uxliner.com/maxhost/demo/boxed/images/site-img88.png]
[uxliner.com/maxhost/demo/boxed/images/site-img87.png]
[uxliner.com/maxhost/demo/boxed/images/site-img90.jpg]
[uxliner.com/maxhost/demo/boxed/images/site-img91.jpg]
[uxliner.com/maxhost/demo/boxed/images/site-img92.jpg]
[uxliner.com/maxhost/demo/boxed/index2.html]
[uxliner.com/maxhost/demo/boxed/images/flag.jpg]
[uxliner.com/maxhost/demo/boxed/images/flag1.jpg]
[uxliner.com/maxhost/demo/boxed/images/flag2.jpg]
[uxliner.com/maxhost/demo/boxed/images/flag3.jpg]
[uxliner.com/maxhost/demo/boxed/images/badge.png]
[uxliner.com/maxhost/demo/boxed/images/site-img93.png]
[uxliner.com/maxhost/demo/boxed/images/site-img94.png]
[uxliner.com/maxhost/demo/boxed/images/site-img1.jpg]
[uxliner.com/maxhost/demo/boxed/images/site-img7.png]
[uxliner.com/maxhost/demo/boxed/images/site-img3.jpg]
[uxliner.com/maxhost/demo/boxed/images/site-img4.jpg]
[uxliner.com/maxhost/demo/boxed/js/mainmenu/customeUI.js]
[uxliner.com/maxhost/demo/boxed/js/mainmenu/jquery.sticky.js]
[uxliner.com/maxhost/demo/boxed/index3.html]
[uxliner.com/maxhost/demo/boxed/js/masterslider/style/ms-laptop-style.css]
[uxliner.com/maxhost/demo/boxed/images/site-img10.jpg]
[uxliner.com/maxhost/demo/boxed/images/site-img11.png]
[uxliner.com/maxhost/demo/boxed/images/site-img17.jpg]
[uxliner.com/maxhost/demo/boxed/images/site-img18.jpg]
[uxliner.com/maxhost/demo/boxed/images/site-img19.jpg]
[uxliner.com/maxhost/demo/boxed/images/site-img21.png]
[uxliner.com/maxhost/demo/boxed/images/site-img22.jpg]
[uxliner.com/maxhost/demo/boxed/index4.html]
[uxliner.com/maxhost/demo/boxed/images/site-img23.png]
[uxliner.com/maxhost/demo/boxed/images/site-img24.png]
[uxliner.com/maxhost/demo/boxed/images/site-img25.png]
[uxliner.com/maxhost/demo/boxed/index5.html]
[uxliner.com/maxhost/demo/boxed/images/site-img28.jpg]
[uxliner.com/maxhost/demo/boxed/images/site-img95.jpg]
[uxliner.com/maxhost/demo/boxed/images/site-img96.jpg]
[uxliner.com/maxhost/demo/boxed/images/site-img97.jpg]
[uxliner.com/maxhost/demo/boxed/images/site-img29.jpg]
[uxliner.com/maxhost/demo/boxed/index6.html]
[uxliner.com/maxhost/demo/boxed/images/site-img34.png]
[uxliner.com/maxhost/demo/boxed/images/site-img26.png]
[uxliner.com/maxhost/demo/boxed/index7.html]
[uxliner.com/maxhost/demo/boxed/images/site-img30.jpg]
[uxliner.com/maxhost/demo/boxed/images/site-img31.jpg]
[uxliner.com/maxhost/demo/boxed/images/site-img32.jpg]
[uxliner.com/maxhost/demo/boxed/index8.html]
[uxliner.com/maxhost/demo/boxed/index9.html]
[uxliner.com/maxhost/demo/boxed/index10.html]
[uxliner.com/maxhost/demo/boxed/images/site-img37.jpg]
[uxliner.com/maxhost/demo/boxed/images/site-img38.jpg]
[uxliner.com/maxhost/demo/boxed/images/site-img39.jpg]
[uxliner.com/maxhost/demo/boxed/images/site-img40.jpg]
[uxliner.com/maxhost/demo/boxed/domain-search.html]
[uxliner.com/maxhost/demo/boxed/hosting-services.html]
[uxliner.com/maxhost/demo/boxed/images/site-img48.jpg]
[uxliner.com/maxhost/demo/boxed/images/site-img52.jpg]
[uxliner.com/maxhost/demo/boxed/images/site-img50.jpg]
[uxliner.com/maxhost/demo/boxed/images/site-img51.jpg]
[uxliner.com/maxhost/demo/boxed/images/site-img49.jpg]
[uxliner.com/maxhost/demo/boxed/about.html]
[uxliner.com/maxhost/demo/boxed/images/site-img53.jpg]
[uxliner.com/maxhost/demo/boxed/images/site-img54.jpg]
[uxliner.com/maxhost/demo/boxed/about2.html]
[uxliner.com/maxhost/demo/boxed/about3.html]
[uxliner.com/maxhost/demo/boxed/services.html]
[uxliner.com/maxhost/demo/boxed/services2.html]
[uxliner.com/maxhost/demo/boxed/services3.html]
[uxliner.com/maxhost/demo/boxed/images/site-img55.jpg]
[uxliner.com/maxhost/demo/boxed/images/site-img56.jpg]
[uxliner.com/maxhost/demo/boxed/team.html]
[uxliner.com/maxhost/demo/boxed/team2.html]
[uxliner.com/maxhost/demo/boxed/js/cubeportfolio/css/cubeportfolio.min.css]
[uxliner.com/maxhost/demo/boxed/js/cubeportfolio/jquery.cubeportfolio.min.js]
[uxliner.com/maxhost/demo/boxed/faqs.html]
[uxliner.com/maxhost/demo/boxed/faqs2.html]
[uxliner.com/maxhost/demo/boxed/js/cubeportfolio/main6.js]
[uxliner.com/maxhost/demo/boxed/images/site-img58.jpg]
[uxliner.com/maxhost/demo/boxed/images/site-img57.jpg]
[uxliner.com/maxhost/demo/boxed/images/site-img59.jpg]
[uxliner.com/maxhost/demo/boxed/left-sidebar.html]
[uxliner.com/maxhost/demo/boxed/right-sidebar.html]
[uxliner.com/maxhost/demo/boxed/left-nav.html]
[uxliner.com/maxhost/demo/boxed/right-nav.html]
[uxliner.com/maxhost/demo/boxed/login.html]
[uxliner.com/maxhost/demo/boxed/register.html]
[uxliner.com/maxhost/demo/boxed/js/form/css/sky-forms.css]
[uxliner.com/maxhost/demo/boxed/js/countdown/vegas/jquery.vegas.min.css]
[uxliner.com/maxhost/demo/boxed/js/countdown/css/style.css]
[uxliner.com/maxhost/demo/boxed/images/logo-circle.png]
[uxliner.com/maxhost/demo/boxed/js/countdown/jquery.countdown.js]
[uxliner.com/maxhost/demo/boxed/js/countdown/countdown.js]
[uxliner.com/maxhost/demo/boxed/js/countdown/vegas/jquery.vegas.min.js]
[uxliner.com/maxhost/demo/boxed/coming-soon.html]
[uxliner.com/maxhost/demo/boxed/js/countdown/custom.js]
[uxliner.com/maxhost/demo/boxed/js/countdown/simplyCountdown.theme.losange.css]
[uxliner.com/maxhost/demo/boxed/coming-soon2.html]
[uxliner.com/maxhost/demo/boxed/404.html]
[uxliner.com/maxhost/demo/boxed/accordions.html]
[uxliner.com/maxhost/demo/boxed/js/countdown/simplyCountdown.js]
[uxliner.com/maxhost/demo/boxed/images/site-img60.jpg]
[uxliner.com/maxhost/demo/boxed/images/site-img61.jpg]
[uxliner.com/maxhost/demo/boxed/images/site-img62.jpg]
[uxliner.com/maxhost/demo/boxed/images/site-img63.jpg]
[uxliner.com/maxhost/demo/boxed/images/site-img64.jpg]
[uxliner.com/maxhost/demo/boxed/images/site-img65.jpg]
[uxliner.com/maxhost/demo/boxed/image-hover.html]
[uxliner.com/maxhost/demo/boxed/buttons.html]
[uxliner.com/maxhost/demo/boxed/call-to-action.html]
[uxliner.com/maxhost/demo/boxed/js/owl-carousel/owl.carousel.css]
[uxliner.com/maxhost/demo/boxed/js/owl-carousel/owl.theme.css]
[uxliner.com/maxhost/demo/boxed/js/owl-carousel/owl.transitions.css]
[uxliner.com/maxhost/demo/boxed/images/site-img66.jpg]
[uxliner.com/maxhost/demo/boxed/images/site-img67.jpg]
[uxliner.com/maxhost/demo/boxed/images/site-img68.jpg]
[uxliner.com/maxhost/demo/boxed/images/site-img69.jpg]
[uxliner.com/maxhost/demo/boxed/images/site-img70.jpg]
[uxliner.com/maxhost/demo/boxed/js/owl-carousel/owl.carousel.js]
[uxliner.com/maxhost/demo/boxed/carousel-sliders.html]
[uxliner.com/maxhost/demo/boxed/columns.html]
[uxliner.com/maxhost/demo/boxed/lists.html]
[uxliner.com/maxhost/demo/boxed/message-boxes.html]
[uxliner.com/maxhost/demo/boxed/animated-counters.html]
[uxliner.com/maxhost/demo/boxed/pricing-tables.html]
[uxliner.com/maxhost/demo/boxed/tabs.html]
[uxliner.com/maxhost/demo/boxed/typography.html]
[uxliner.com/maxhost/demo/boxed/content-boxes.html]
[uxliner.com/maxhost/demo/boxed/popover-tooltip.html]
[uxliner.com/maxhost/demo/boxed/social-icons.html]
[uxliner.com/maxhost/demo/boxed/js/owl-carousel/custom.js]
[uxliner.com/maxhost/demo/boxed/images/site-img71.jpg]
[uxliner.com/maxhost/demo/boxed/images/site-img72.jpg]
[uxliner.com/maxhost/demo/boxed/images/site-img73.jpg]
[uxliner.com/maxhost/demo/boxed/images/site-img74.jpg]
[uxliner.com/maxhost/demo/boxed/flip-boxes.html]
[uxliner.com/maxhost/demo/boxed/progress-bars.html]
[uxliner.com/maxhost/demo/boxed/dividers.html]
[uxliner.com/maxhost/demo/boxed/portfolio-one.html]
[uxliner.com/maxhost/demo/boxed/js/cubeportfolio/jquery-latest.min.js]
[uxliner.com/maxhost/demo/boxed/js/cubeportfolio/ajax-awesome-work/project1.html]
[uxliner.com/maxhost/demo/boxed/images/media/thumb/thumb3.jpg]
[uxliner.com/maxhost/demo/boxed/images/media/thumb/thumb26.jpg]
[uxliner.com/maxhost/demo/boxed/images/media/thumb/thumb27.jpg]
[uxliner.com/maxhost/demo/boxed/images/media/thumb/thumb28.jpg]
[uxliner.com/maxhost/demo/boxed/ajax-awesome-work/project5.html]
[uxliner.com/maxhost/demo/boxed/images/media/thumb/thumb29.jpg]
[uxliner.com/maxhost/demo/boxed/ajax-awesome-work/project6.html]
[uxliner.com/maxhost/demo/boxed/images/media/thumb/thumb30.jpg]
[uxliner.com/maxhost/demo/boxed/portfolio-two.html]
[uxliner.com/maxhost/demo/boxed/js/cubeportfolio/main7.js]
[uxliner.com/maxhost/demo/boxed/js/cubeportfolio/ajax-lightbox-gallery/project1.html]
[uxliner.com/maxhost/demo/boxed/images/media/thumb/thumb20.jpg]
[uxliner.com/maxhost/demo/boxed/images/media/thumb/thumb21.jpg]
[uxliner.com/maxhost/demo/boxed/images/media/thumb/thumb22.jpg]
[uxliner.com/maxhost/demo/boxed/images/media/thumb/thumb23.jpg]
[uxliner.com/maxhost/demo/boxed/images/media/thumb/thumb24.jpg]
[uxliner.com/maxhost/demo/boxed/images/media/thumb/thumb25.jpg]
[uxliner.com/maxhost/demo/boxed/portfolio-three.html]
[uxliner.com/maxhost/demo/boxed/js/cubeportfolio/main3.js]
[uxliner.com/maxhost/demo/boxed/images/media/thumb/thumb1.jpg]
[uxliner.com/maxhost/demo/boxed/images/media/thumb/thumb5.jpg]
[uxliner.com/maxhost/demo/boxed/images/media/thumb/thumb4.jpg]
[uxliner.com/maxhost/demo/boxed/images/media/thumb/thumb6.jpg]
[uxliner.com/maxhost/demo/boxed/images/media/thumb/thumb7.jpg]
[uxliner.com/maxhost/demo/boxed/images/media/thumb/thumb8.jpg]
[uxliner.com/maxhost/demo/boxed/images/media/thumb/thumb2.jpg]
[uxliner.com/maxhost/demo/boxed/portfolio-four.html]
[uxliner.com/maxhost/demo/boxed/portfolio-five.html]
[uxliner.com/maxhost/demo/boxed/js/cubeportfolio/main5.js]
[uxliner.com/maxhost/demo/boxed/portfolio-six.html]
[uxliner.com/maxhost/demo/boxed/js/cubeportfolio/main4.js]
[uxliner.com/maxhost/demo/boxed/images/media/thumb/thumb9.jpg]
[uxliner.com/maxhost/demo/boxed/images/media/thumb/thumb10.jpg]
[uxliner.com/maxhost/demo/boxed/images/media/thumb/thumb11.jpg]
[uxliner.com/maxhost/demo/boxed/portfolio-seven.html]
[uxliner.com/maxhost/demo/boxed/js/cubeportfolio/main8.js]
[uxliner.com/maxhost/demo/boxed/js/cubeportfolio/ajax-masonry-projects/project1.html]
[uxliner.com/maxhost/demo/boxed/images/media/portfolio-12.jpg]
[uxliner.com/maxhost/demo/boxed/images/media/portfolio-1.jpg]
[uxliner.com/maxhost/demo/boxed/images/media/portfolio-2.jpg]
[uxliner.com/maxhost/demo/boxed/images/media/portfolio-13.jpg]
[uxliner.com/maxhost/demo/boxed/images/media/portfolio-14.jpg]
[uxliner.com/maxhost/demo/boxed/images/media/portfolio-6.jpg]
[uxliner.com/maxhost/demo/boxed/images/media/portfolio-4.jpg]
[uxliner.com/maxhost/demo/boxed/images/media/portfolio-5.jpg]
[uxliner.com/maxhost/demo/boxed/images/media/portfolio-7.jpg]
[uxliner.com/maxhost/demo/boxed/images/media/portfolio-8.jpg]
[uxliner.com/maxhost/demo/boxed/portfolio-eight.html]
[uxliner.com/maxhost/demo/boxed/js/cubeportfolio/main1.js]
[uxliner.com/maxhost/demo/boxed/images/media/thumb/thumb12.jpg]
[uxliner.com/maxhost/demo/boxed/images/media/thumb/thumb13.jpg]
[uxliner.com/maxhost/demo/boxed/images/media/thumb/thumb14.jpg]
[uxliner.com/maxhost/demo/boxed/images/media/thumb/thumb15.jpg]
[uxliner.com/maxhost/demo/boxed/images/media/thumb/thumb16.jpg]
[uxliner.com/maxhost/demo/boxed/images/media/thumb/thumb17.jpg]
[uxliner.com/maxhost/demo/boxed/images/media/thumb/thumb18.jpg]
[uxliner.com/maxhost/demo/boxed/images/media/thumb/thumb19.jpg]
[uxliner.com/maxhost/demo/boxed/portfolio-nine.html]
[uxliner.com/maxhost/demo/boxed/js/cubeportfolio/main2.js]
[uxliner.com/maxhost/demo/boxed/images/site-img75.jpg]
[uxliner.com/maxhost/demo/boxed/images/site-img76.jpg]
[uxliner.com/maxhost/demo/boxed/images/site-img77.jpg]
[uxliner.com/maxhost/demo/boxed/blog.html]
[uxliner.com/maxhost/demo/boxed/blog2.html]
[uxliner.com/maxhost/demo/boxed/blog3.html]
[uxliner.com/maxhost/demo/boxed/images/site-img78.jpg]
[uxliner.com/maxhost/demo/boxed/images/site-img79.jpg]
[uxliner.com/maxhost/demo/boxed/images/site-img80.jpg]
[uxliner.com/maxhost/demo/boxed/blog-post.html]
[uxliner.com/maxhost/demo/boxed/captcha/image8ac9.html]
[uxliner.com/maxhost/demo/boxed/js/form/jquery.min.js]
[uxliner.com/maxhost/demo/boxed/js/form/jquery.form.min.js]
[uxliner.com/maxhost/demo/boxed/contact.html]
[uxliner.com/maxhost/demo/boxed/js/form/jquery.validate.min.js]
[uxliner.com/maxhost/demo/boxed/contact2.html]
[uxliner.com/maxhost/demo/boxed/contact3.html]
[uxliner.com/maxhost/demo/js/masterslider/style/skin.html]
[uxliner.com/maxhost/demo/js/images/site-img94.html]
[uxliner.com/maxhost/demo/boxed/captcha/image3c91.html]
[code.jquery.com/jquery-1.9.1.js]
[uxliner.com/maxhost/demo/js/countdown/vegas/images/loading.html]
[uxliner.com/maxhost/demo/js/countdown/vegas/overlays/01.html]
[uxliner.com/maxhost/demo/js/countdown/css/images/loading.html]
[uxliner.com/maxhost/demo/js/owl-carousel/grabbing.html]
[uxliner.com/maxhost/demo/js/owl-carousel/AjaxLoader.html]
[uxliner.com/maxhost/demo/js/cubeportfolio/ajax-awesome-work/images/media/portfolio-5.html]
[uxliner.com/maxhost/demo/js/cubeportfolio/ajax-awesome-work/images/media/portfolio-6.html]
[uxliner.com/maxhost/demo/js/cubeportfolio/ajax-awesome-work/images/media/portfolio-7.html]
[uxliner.com/maxhost/demo/js/cubeportfolio/ajax-awesome-work/images/media/thumb/thumb20.html]
[uxliner.com/maxhost/demo/js/cubeportfolio/ajax-awesome-work/images/media/thumb/thumb21.html]
[uxliner.com/maxhost/demo/js/cubeportfolio/ajax-awesome-work/images/media/thumb/thumb22.html]
[uxliner.com/maxhost/demo/js/cubeportfolio/ajax-lightbox-gallery/images/media/portfolio-1.html]
[uxliner.com/maxhost/demo/js/cubeportfolio/ajax-lightbox-gallery/images/media/thumb/thumb20.html]
[uxliner.com/maxhost/demo/js/cubeportfolio/ajax-lightbox-gallery/images/media/portfolio-2.html]
[uxliner.com/maxhost/demo/js/cubeportfolio/ajax-lightbox-gallery/images/media/thumb/thumb21.html]
[uxliner.com/maxhost/demo/js/cubeportfolio/ajax-lightbox-gallery/images/media/portfolio-5.html]
[uxliner.com/maxhost/demo/js/cubeportfolio/ajax-lightbox-gallery/images/media/thumb/thumb22.html]
[uxliner.com/maxhost/demo/js/cubeportfolio/ajax-masonry-projects/images/media/portfolio-14.html]
[uxliner.com/maxhost/demo/js/cubeportfolio/ajax-masonry-projects/images/media/portfolio-13.html]
[uxliner.com/maxhost/demo/js/cubeportfolio/ajax-masonry-projects/images/media/portfolio-12.html]
[uxliner.com/maxhost/demo/js/cubeportfolio/ajax-masonry-projects/ajax-masonry-projects/project1.html]
[uxliner.com/maxhost/demo/js/cubeportfolio/ajax-masonry-projects/images/media/thumb/thumb22.html]
[uxliner.com/maxhost/demo/js/cubeportfolio/ajax-masonry-projects/images/media/thumb/thumb23.html]
[uxliner.com/maxhost/demo/js/cubeportfolio/ajax-masonry-projects/images/media/thumb/thumb21.html]
[uxliner.com/maxhost/demo/boxed/fonts/glyphicons-halflings-regular.html]
[uxliner.com/maxhost/demo/boxed/fonts/glyphicons-halflings-regulard41d.html]
[uxliner.com/maxhost/demo/boxed/fonts/glyphicons-halflings-regular-2.html]
[uxliner.com/maxhost/demo/boxed/fonts/glyphicons-halflings-regular-3.html]
[uxliner.com/maxhost/demo/boxed/fonts/glyphicons-halflings-regular-4.html]
[uxliner.com/maxhost/demo/boxed/fonts/glyphicons-halflings-regular-5.html]
[uxliner.com/maxhost/demo/boxed/images/logo-black.html]
[uxliner.com/maxhost/demo/boxed/images/map.html]
[uxliner.com/maxhost/demo/boxed/css/font-awesome/fonts/fontawesome-webfont78ce.svg]
[uxliner.com/maxhost/demo/boxed/css/fonts/Simple-Line-Icons.svg]
[uxliner.com/maxhost/demo/boxed/css/et-line-font/fonts/et-line.svg]
[uxliner.com/maxhost/demo/boxed/css/colors/green.css]
[uxliner.com/maxhost/demo/boxed/js/mainmenu/customeUI.html]
[uxliner.com/maxhost/demo/boxed/js/mainmenu/jquery.sticky.html]
[uxliner.com/maxhost/demo/boxed/js/masterslider/style/skin.32d.delayed]
[uxliner.com/maxhost/demo/boxed/js/masterslider/style/ms-laptop-style.css]
[uxliner.com/maxhost/demo/boxed/js/cubeportfolio/images/cbp-loading.gif]
[uxliner.com/maxhost/demo/boxed/js/cubeportfolio/images/cbp-sprite.png]
[uxliner.com/maxhost/demo/boxed/js/cubeportfolio/images/cbp-loading-popup.gif]
[uxliner.com/maxhost/demo/boxed/js/cubeportfolio/css/cubeportfolio.min.css]
[uxliner.com/maxhost/demo/boxed/js/images/site-img94.png]
[uxliner.com/maxhost/demo/boxed/js/form/css/sky-forms.css]
[uxliner.com/maxhost/demo/boxed/js/countdown/vegas/images/loading.html]
[uxliner.com/maxhost/demo/boxed/js/countdown/vegas/overlays/01.333.delayed]
[uxliner.com/maxhost/demo/boxed/js/countdown/vegas/jquery.vegas.min.css]
[uxliner.com/maxhost/demo/boxed/js/countdown/css/images/loading.gif]
[uxliner.com/maxhost/demo/boxed/js/countdown/css/style.css]
[uxliner.com/maxhost/demo/boxed/images/logo-circle.html]
[uxliner.com/maxhost/demo/boxed/js/countdown/simplyCountdown.theme.losange.css]
[uxliner.com/maxhost/demo/boxed/js/owl-carousel/grabbing.png]
[uxliner.com/maxhost/demo/boxed/js/owl-carousel/owl.carousel.css]
[uxliner.com/maxhost/demo/boxed/js/owl-carousel/AjaxLoader.gif]
[uxliner.com/maxhost/demo/boxed/js/owl-carousel/owl.theme.css]
[uxliner.com/maxhost/demo/boxed/js/owl-carousel/owl.transitions.css]
[uxliner.com/maxhost/demo/boxed/js/cubeportfolio/ajax-awesome-work/images/media/portfolio-5.jpg]
[uxliner.com/maxhost/demo/boxed/js/cubeportfolio/ajax-awesome-work/images/media/portfolio-6.jpg]
[uxliner.com/maxhost/demo/boxed/js/cubeportfolio/ajax-awesome-work/images/media/portfolio-7.jpg]
[uxliner.com/maxhost/demo/boxed/js/cubeportfolio/ajax-awesome-work/images/media/thumb/thumb20.jpg]
[uxliner.com/maxhost/demo/boxed/js/cubeportfolio/ajax-awesome-work/images/media/thumb/thumb21.jpg]
[uxliner.com/maxhost/demo/boxed/js/cubeportfolio/ajax-awesome-work/images/media/thumb/thumb22.jpg]
[uxliner.com/maxhost/demo/boxed/js/cubeportfolio/ajax-awesome-work/project1.html]
[uxliner.com/maxhost/demo/boxed/ajax-awesome-work/project5.html]
[uxliner.com/maxhost/demo/boxed/ajax-awesome-work/project6.html]
[uxliner.com/maxhost/demo/boxed/js/cubeportfolio/ajax-lightbox-gallery/images/media/portfolio-1.jpg]
[uxliner.com/maxhost/demo/boxed/js/cubeportfolio/ajax-lightbox-gallery/images/media/thumb/thumb20.jpg]
[uxliner.com/maxhost/demo/boxed/js/cubeportfolio/ajax-lightbox-gallery/images/media/portfolio-2.jpg]
[uxliner.com/maxhost/demo/boxed/js/cubeportfolio/ajax-lightbox-gallery/images/media/thumb/thumb21.jpg]
[uxliner.com/maxhost/demo/boxed/js/cubeportfolio/ajax-lightbox-gallery/images/media/portfolio-5.jpg]
[uxliner.com/maxhost/demo/boxed/js/cubeportfolio/ajax-lightbox-gallery/images/media/thumb/thumb22.jpg]
[uxliner.com/maxhost/demo/boxed/js/cubeportfolio/ajax-lightbox-gallery/project1.html]
[uxliner.com/maxhost/demo/boxed/js/cubeportfolio/ajax-masonry-projects/images/media/portfolio-14.jpg]
[uxliner.com/maxhost/demo/boxed/js/cubeportfolio/ajax-masonry-projects/images/media/portfolio-13.jpg]
[uxliner.com/maxhost/demo/boxed/js/cubeportfolio/ajax-masonry-projects/images/media/portfolio-12.jpg]
[uxliner.com/maxhost/demo/boxed/js/cubeportfolio/ajax-masonry-projects/ajax-masonry-projects/project1.html]
[uxliner.com/maxhost/demo/boxed/js/cubeportfolio/ajax-masonry-projects/images/media/thumb/thumb22.jpg]
[uxliner.com/maxhost/demo/boxed/js/cubeportfolio/ajax-masonry-projects/images/media/thumb/thumb23.jpg]
[uxliner.com/maxhost/demo/boxed/js/cubeportfolio/ajax-masonry-projects/images/media/thumb/thumb21.jpg]
[uxliner.com/maxhost/demo/boxed/js/cubeportfolio/ajax-masonry-projects/project1.html]
[uxliner.com/maxhost/demo/boxed/captcha/image8ac9.html]
[uxliner.com/maxhost/demo/boxed/captcha/image3c91.html]
[uxliner.com/maxhost/demo/boxed/js/masterslider/style/skin.html]
[uxliner.com/maxhost/demo/boxed/js/images/site-img94.html]
[uxliner.com/maxhost/demo/boxed/js/countdown/vegas/images/loading.html]
[uxliner.com/maxhost/demo/boxed/js/countdown/vegas/overlays/01.html]
[uxliner.com/maxhost/demo/boxed/js/countdown/css/images/loading.html]
[uxliner.com/maxhost/demo/boxed/js/owl-carousel/grabbing.html]
[uxliner.com/maxhost/demo/boxed/js/owl-carousel/AjaxLoader.html]
[uxliner.com/maxhost/demo/boxed/js/cubeportfolio/ajax-awesome-work/images/media/portfolio-5.html]
[uxliner.com/maxhost/demo/boxed/js/cubeportfolio/ajax-awesome-work/images/media/portfolio-6.html]
[uxliner.com/maxhost/demo/boxed/js/cubeportfolio/ajax-awesome-work/images/media/portfolio-7.html]
[uxliner.com/maxhost/demo/boxed/js/cubeportfolio/ajax-awesome-work/images/media/thumb/thumb20.html]
[uxliner.com/maxhost/demo/boxed/js/cubeportfolio/ajax-awesome-work/images/media/thumb/thumb21.html]
[uxliner.com/maxhost/demo/boxed/js/cubeportfolio/ajax-awesome-work/images/media/thumb/thumb22.html]
[uxliner.com/maxhost/demo/boxed/js/cubeportfolio/ajax-lightbox-gallery/images/media/portfolio-1.html]
[uxliner.com/maxhost/demo/boxed/js/cubeportfolio/ajax-lightbox-gallery/images/media/thumb/thumb20.html]
[uxliner.com/maxhost/demo/boxed/js/cubeportfolio/ajax-lightbox-gallery/images/media/portfolio-2.html]
[uxliner.com/maxhost/demo/boxed/js/cubeportfolio/ajax-lightbox-gallery/images/media/thumb/thumb21.html]
[uxliner.com/maxhost/demo/boxed/js/cubeportfolio/ajax-lightbox-gallery/images/media/portfolio-5.html]
[uxliner.com/maxhost/demo/boxed/js/cubeportfolio/ajax-lightbox-gallery/images/media/thumb/thumb22.html]
[uxliner.com/maxhost/demo/boxed/js/cubeportfolio/ajax-masonry-projects/images/media/portfolio-14.html]
[uxliner.com/maxhost/demo/boxed/js/cubeportfolio/ajax-masonry-projects/images/media/portfolio-13.html]
[uxliner.com/maxhost/demo/boxed/js/cubeportfolio/ajax-masonry-projects/images/media/portfolio-12.html]
[uxliner.com/maxhost/demo/boxed/js/cubeportfolio/ajax-masonry-projects/ajax-masonry-projects/project1.html]
[uxliner.com/maxhost/demo/boxed/js/cubeportfolio/ajax-masonry-projects/images/media/thumb/thumb22.html]
[uxliner.com/maxhost/demo/boxed/js/cubeportfolio/ajax-masonry-projects/images/media/thumb/thumb23.html]
[uxliner.com/maxhost/demo/boxed/js/cubeportfolio/ajax-masonry-projects/images/media/thumb/thumb21.html]
[suspended.hostgator.com/js/simple-expand.min.js]
[suspended.hostgator.com/images/404top.jpg]
[suspended.hostgator.com/images/404mid.gif]
[suspended.hostgator.com/images/404bottom.gif]
[suspended.hostgator.com/images/gatorbottom.png]
[suspended.hostgator.com/images/x.png]
